// Jest Snapshot v1, https://goo.gl/fbAQLP

exports[`CollectionItem component should render CollectionItem component 1`] = `
<Provider
  store={
    Object {
      "clearActions": [Function],
      "dispatch": [Function],
      "getActions": [Function],
      "getState": [Function],
      "replaceReducer": [Function],
      "subscribe": [Function],
    }
  }
>
  <BrowserRouter>
    <Router
      history={
        Object {
          "action": "POP",
          "block": [Function],
          "createHref": [Function],
          "go": [Function],
          "goBack": [Function],
          "goForward": [Function],
          "length": 1,
          "listen": [Function],
          "location": Object {
            "hash": "",
            "pathname": "/",
            "search": "",
            "state": undefined,
          },
          "push": [Function],
          "replace": [Function],
        }
      }
    >
      <CollectionItem
        addItem={[MockFunction]}
        item={
          Object {
            "imageUrl": "www.testImage.com",
            "name": "blackCDJ",
            "price": 10,
          }
        }
      >
        <CollectionItemStyles>
          <div
            className="sc-gsTEea gpvzcy"
          >
            <BackgroundImageStyles
              className="image"
              imageUrl="www.testImage.com"
              onClick={[Function]}
            >
              <div
                className="sc-hKgJUU jcasNB image"
                onClick={[Function]}
              />
            </BackgroundImageStyles>
            <CollectionFooterStyles>
              <div
                className="sc-eCstlR hXZTWx"
              >
                <NameSpanStyles>
                  <span
                    className="sc-jSgvzq cpdSLY"
                  >
                    blackCDJ
                  </span>
                </NameSpanStyles>
                <PriceSpanStyles>
                  <span
                    className="sc-gKseQn edKNxZ"
                  >
                    10
                    â‚¬
                  </span>
                </PriceSpanStyles>
              </div>
            </CollectionFooterStyles>
            <AddButtonStyles
              inverted={true}
              onClick={[Function]}
            >
              <CustomButton
                className="sc-dlfnuX eznRbH"
                inverted={true}
                onClick={[Function]}
              >
                <styled.button
                  className="sc-dlfnuX eznRbH"
                  inverted={true}
                  onClick={[Function]}
                >
                  <button
                    className="sc-bdfBQB doWsIP sc-dlfnuX eznRbH"
                    onClick={[Function]}
                  >
                    Add to cart
                  </button>
                </styled.button>
              </CustomButton>
            </AddButtonStyles>
          </div>
        </CollectionItemStyles>
      </CollectionItem>
    </Router>
  </BrowserRouter>
</Provider>
`;
