// Jest Snapshot v1, https://goo.gl/fbAQLP

exports[`CollectionPreview Component Tests should render and match snapshot 1`] = `ShallowWrapper {}`;
